#
# There is insufficient memory for the Java Runtime Environment to continue.
# Native memory allocation (mmap) failed to map 257949696 bytes for G1 virtual space
# Possible reasons:
#   The system is out of physical RAM or swap space
#   The process is running with CompressedOops enabled, and the Java Heap may be blocking the growth of the native heap
# Possible solutions:
#   Reduce memory load on the system
#   Increase physical memory or swap space
#   Check if swap backing store is full
#   Decrease Java heap size (-Xmx/-Xms)
#   Decrease number of Java threads
#   Decrease Java thread stack sizes (-Xss)
#   Set larger code cache with -XX:ReservedCodeCacheSize=
#   JVM is running with Zero Based Compressed Oops mode in which the Java heap is
#     placed in the first 32GB address space. The Java Heap base address is the
#     maximum limit for the native heap growth. Please use -XX:HeapBaseMinAddress
#     to set the Java Heap base and to place the Java Heap above 32GB virtual address.
# This output file may be truncated or incomplete.
#
#  Out of Memory Error (os_windows.cpp:3548), pid=31296, tid=30712
#
# JRE version:  (17.0.12+8) (build )
# Java VM: Java HotSpot(TM) 64-Bit Server VM (17.0.12+8-LTS-286, mixed mode, emulated-client, sharing, tiered, compressed oops, compressed class ptrs, g1 gc, windows-amd64)
# No core dump will be written. Minidumps are not enabled by default on client versions of Windows
#

---------------  S U M M A R Y ------------

Command Line: -XX:TieredStopAtLevel=1 ma.daba.DabaApplication

Host: AMD Ryzen 7 PRO 4750U with Radeon Graphics, 16 cores, 15G,  Windows 11 , 64 bit Build 26100 (10.0.26100.8246)
Time: Tue Apr 28 13:07:37 2026 Morocco Daylight Time elapsed time: 0.016278 seconds (0d 0h 0m 0s)

---------------  T H R E A D  ---------------

Current thread (0x00000288302b6250):  JavaThread "Unknown thread" [_thread_in_vm, id=30712, stack(0x00000097f8e00000,0x00000097f8f00000)]

Stack: [0x00000097f8e00000,0x00000097f8f00000]
Native frames: (J=compiled Java code, j=interpreted, Vv=VM code, C=native code)
V  [jvm.dll+0x67a04a]
V  [jvm.dll+0x7da4ed]
V  [jvm.dll+0x7dbe33]
V  [jvm.dll+0x7dc4a3]
V  [jvm.dll+0x24508f]
V  [jvm.dll+0x677089]
V  [jvm.dll+0x66bd32]
V  [jvm.dll+0x301fa6]
V  [jvm.dll+0x309546]
V  [jvm.dll+0x359d2e]
V  [jvm.dll+0x359f5f]
V  [jvm.dll+0x2d9078]
V  [jvm.dll+0x2d9fe4]
V  [jvm.dll+0x7aca21]
V  [jvm.dll+0x367591]
V  [jvm.dll+0x78b999]
V  [jvm.dll+0x3ec83f]
V  [jvm.dll+0x3ee471]
C  [jli.dll+0x5297]
C  [ucrtbase.dll+0x37b0]
C  [KERNEL32.DLL+0x2e8d7]
C  [ntdll.dll+0x8c3fc]


---------------  P R O C E S S  ---------------

Threads class SMR info:
_java_thread_list=0x00007ffa0a967a18, length=0, elements={
}

Java Threads: ( => current thread )

Other Threads:
  0x000002883032e1d0 GCTaskThread "GC Thread#0" [stack: 0x00000097f8f00000,0x00000097f9000000] [id=13740]
  0x0000028830341990 ConcurrentGCThread "G1 Main Marker" [stack: 0x00000097f9000000,0x00000097f9100000] [id=29668]
  0x0000028830342f70 ConcurrentGCThread "G1 Conc#0" [stack: 0x00000097f9100000,0x00000097f9200000] [id=29388]

[error occurred during error reporting (printing all threads), id 0xc0000005, EXCEPTION_ACCESS_VIOLATION (0xc0000005) at pc=0x00007ffa0a199b67]

VM state: not at safepoint (not fully initialized)

VM Mutex/Monitor currently owned by a thread:  ([mutex/lock_event])
[0x00000288302b0ca0] Heap_lock - owner thread: 0x00000288302b6250

Heap address: 0x000000070aa00000, size: 3926 MB, Compressed Oops mode: Zero based, Oop shift amount: 3

CDS archive(s) mapped at: [0x0000000000000000-0x0000000000000000-0x0000000000000000), size 0, SharedBaseAddress: 0x0000000800000000, ArchiveRelocationMode: 1.
Narrow klass base: 0x0000000000000000, Narrow klass shift: 0, Narrow klass range: 0x0

GC Precious Log:
<Empty>

Heap:
 garbage-first heap   total 0K, used 0K [0x000000070aa00000, 0x0000000800000000)
  region size 2048K, 0 young (0K), 0 survivors (0K)

[error occurred during error reporting (printing heap information), id 0xc0000005, EXCEPTION_ACCESS_VIOLATION (0xc0000005) at pc=0x00007ffa0a583859]

GC Heap History (0 events):
No events

Deoptimization events (0 events):
No events

Classes unloaded (0 events):
No events

Classes redefined (0 events):
No events

Internal exceptions (0 events):
No events

VM Operations (0 events):
No events

Events (1 events):
Event: 0.009 Loaded shared library C:\Program Files\Java\jdk-17\bin\java.dll


Dynamic libraries:
0x00007ff637c00000 - 0x00007ff637c10000 	C:\Program Files\Java\jdk-17\bin\java.exe
0x00007ffab4e00000 - 0x00007ffab5067000 	C:\WINDOWS\SYSTEM32\ntdll.dll
0x00007ffab32f0000 - 0x00007ffab33b9000 	C:\WINDOWS\System32\KERNEL32.DLL
0x00007ffab24c0000 - 0x00007ffab28b4000 	C:\WINDOWS\System32\KERNELBASE.dll
0x00007ffab1760000 - 0x00007ffab18ab000 	C:\WINDOWS\System32\ucrtbase.dll
0x00007ffaac720000 - 0x00007ffaac739000 	C:\Program Files\Java\jdk-17\bin\jli.dll
0x00007ffaa3840000 - 0x00007ffaa385b000 	C:\Program Files\Java\jdk-17\bin\VCRUNTIME140.dll
0x00007ffab31b0000 - 0x00007ffab3266000 	C:\WINDOWS\System32\ADVAPI32.dll
0x00007ffab4a60000 - 0x00007ffab4b09000 	C:\WINDOWS\System32\msvcrt.dll
0x00007ffab2d50000 - 0x00007ffab2df7000 	C:\WINDOWS\System32\sechost.dll
0x00007ffab3530000 - 0x00007ffab3648000 	C:\WINDOWS\System32\RPCRT4.dll
0x00007ffab4bf0000 - 0x00007ffab4db5000 	C:\WINDOWS\System32\USER32.dll
0x00007ffa9e6f0000 - 0x00007ffa9e983000 	C:\WINDOWS\WinSxS\amd64_microsoft.windows.common-controls_6595b64144ccf1df_6.0.26100.8115_none_3e075c82e3354f9c\COMCTL32.dll
0x00007ffab2970000 - 0x00007ffab2997000 	C:\WINDOWS\System32\win32u.dll
0x00007ffab3180000 - 0x00007ffab31ab000 	C:\WINDOWS\System32\GDI32.dll
0x00007ffab2a60000 - 0x00007ffab2b8b000 	C:\WINDOWS\System32\gdi32full.dll
0x00007ffab18b0000 - 0x00007ffab1953000 	C:\WINDOWS\System32\msvcp_win.dll
0x00007ffaaafa0000 - 0x00007ffaaafab000 	C:\WINDOWS\SYSTEM32\VERSION.dll
0x00007ffab3b90000 - 0x00007ffab3bc2000 	C:\WINDOWS\System32\IMM32.DLL
0x00007ffaac460000 - 0x00007ffaac46c000 	C:\Program Files\Java\jdk-17\bin\vcruntime140_1.dll
0x00007ffa916e0000 - 0x00007ffa9176e000 	C:\Program Files\Java\jdk-17\bin\msvcp140.dll
0x00007ffa09eb0000 - 0x00007ffa0aa90000 	C:\Program Files\Java\jdk-17\bin\server\jvm.dll
0x00007ffab3720000 - 0x00007ffab3728000 	C:\WINDOWS\System32\PSAPI.DLL
0x00007ffaa02e0000 - 0x00007ffaa02ea000 	C:\WINDOWS\SYSTEM32\WSOCK32.dll
0x00007ffaaaf60000 - 0x00007ffaaaf96000 	C:\WINDOWS\SYSTEM32\WINMM.dll
0x00007ffab4b60000 - 0x00007ffab4be0000 	C:\WINDOWS\System32\WS2_32.dll
0x00007ffab0420000 - 0x00007ffab043b000 	C:\WINDOWS\SYSTEM32\kernel.appcore.dll
0x00007ffaa3830000 - 0x00007ffaa383a000 	C:\Program Files\Java\jdk-17\bin\jimage.dll
0x00007ffaaf600000 - 0x00007ffaaf842000 	C:\WINDOWS\SYSTEM32\DBGHELP.DLL
0x00007ffab3800000 - 0x00007ffab3b82000 	C:\WINDOWS\System32\combase.dll
0x00007ffab30a0000 - 0x00007ffab3178000 	C:\WINDOWS\System32\OLEAUT32.dll
0x00007ffa9d400000 - 0x00007ffa9d43b000 	C:\WINDOWS\SYSTEM32\dbgcore.DLL
0x00007ffab28c0000 - 0x00007ffab2965000 	C:\WINDOWS\System32\bcryptPrimitives.dll
0x00007ffaa3380000 - 0x00007ffaa33a5000 	C:\Program Files\Java\jdk-17\bin\java.dll

dbghelp: loaded successfully - version: 4.0.5 - missing functions: none
symbol engine: initialized successfully - sym options: 0x614 - pdb path: .;C:\Program Files\Java\jdk-17\bin;C:\WINDOWS\SYSTEM32;C:\WINDOWS\WinSxS\amd64_microsoft.windows.common-controls_6595b64144ccf1df_6.0.26100.8115_none_3e075c82e3354f9c;C:\Program Files\Java\jdk-17\bin\server

VM Arguments:
jvm_args: -XX:TieredStopAtLevel=1 
java_command: ma.daba.DabaApplication
java_class_path (initial): C:\Users\admin\Desktop\daba.ma\backend\daba\target\classes;C:\Users\admin\.m2\repository\org\springframework\boot\spring-boot\3.4.1\spring-boot-3.4.1.jar;C:\Users\admin\.m2\repository\org\springframework\boot\spring-boot-autoconfigure\3.4.1\spring-boot-autoconfigure-3.4.1.jar;C:\Users\admin\.m2\repository\ch\qos\logback\logback-classic\1.5.12\logback-classic-1.5.12.jar;C:\Users\admin\.m2\repository\ch\qos\logback\logback-core\1.5.12\logback-core-1.5.12.jar;C:\Users\admin\.m2\repository\org\apache\logging\log4j\log4j-to-slf4j\2.24.3\log4j-to-slf4j-2.24.3.jar;C:\Users\admin\.m2\repository\org\apache\logging\log4j\log4j-api\2.24.3\log4j-api-2.24.3.jar;C:\Users\admin\.m2\repository\org\slf4j\jul-to-slf4j\2.0.16\jul-to-slf4j-2.0.16.jar;C:\Users\admin\.m2\repository\jakarta\annotation\jakarta.annotation-api\2.1.1\jakarta.annotation-api-2.1.1.jar;C:\Users\admin\.m2\repository\org\yaml\snakeyaml\2.3\snakeyaml-2.3.jar;C:\Users\admin\.m2\repository\com\fasterxml\jackson\datatype\jackson-datatype-jdk8\2.18.2\jackson-datatype-jdk8-2.18.2.jar;C:\Users\admin\.m2\repository\com\fasterxml\jackson\module\jackson-module-parameter-names\2.18.2\jackson-module-parameter-names-2.18.2.jar;C:\Users\admin\.m2\repository\org\apache\tomcat\embed\tomcat-embed-core\10.1.34\tomcat-embed-core-10.1.34.jar;C:\Users\admin\.m2\repository\org\apache\tomcat\embed\tomcat-embed-websocket\10.1.34\tomcat-embed-websocket-10.1.34.jar;C:\Users\admin\.m2\repository\org\springframework\spring-web\6.2.1\spring-web-6.2.1.jar;C:\Users\admin\.m2\repository\org\springframework\spring-beans\6.2.1\spring-beans-6.2.1.jar;C:\Users\admin\.m2\repository\org\springframework\spring-webmvc\6.2.1\spring-webmvc-6.2.1.jar;C:\Users\admin\.m2\repository\org\springframework\spring-context\6.2.1\spring-context-6.2.1.jar;C:\Users\admin\.m2\repository\org\springframework\spring-expression\6.2.1\spring-expression-6.2.1.jar;C:\Users\admin\.m2\repository\org\springframework\spring-messaging\6.2.1\spring-mess
Launcher Type: SUN_STANDARD

[Global flags]
     intx CICompilerCount                          = 12                                        {product} {ergonomic}
     uint ConcGCThreads                            = 3                                         {product} {ergonomic}
     uint G1ConcRefinementThreads                  = 13                                        {product} {ergonomic}
   size_t G1HeapRegionSize                         = 2097152                                   {product} {ergonomic}
    uintx GCDrainStackTargetSize                   = 64                                        {product} {ergonomic}
   size_t InitialHeapSize                          = 257949696                                 {product} {ergonomic}
   size_t MarkStackSize                            = 4194304                                   {product} {ergonomic}
   size_t MaxHeapSize                              = 4116709376                                {product} {ergonomic}
   size_t MinHeapDeltaBytes                        = 2097152                                   {product} {ergonomic}
   size_t MinHeapSize                              = 8388608                                   {product} {ergonomic}
    uintx NonProfiledCodeHeapSize                  = 0                                      {pd product} {ergonomic}
     bool ProfileInterpreter                       = false                                  {pd product} {command line}
    uintx ProfiledCodeHeapSize                     = 0                                      {pd product} {ergonomic}
   size_t SoftMaxHeapSize                          = 4116709376                             {manageable} {ergonomic}
     intx TieredStopAtLevel                        = 1                                         {product} {command line}
     bool UseCompressedClassPointers               = true                           {product lp64_product} {ergonomic}
     bool UseCompressedOops                        = true                           {product lp64_product} {ergonomic}
     bool UseG1GC                                  = true                                      {product} {ergonomic}
     bool UseLargePagesIndividualAllocation        = false                                  {pd product} {ergonomic}

Logging:
Log output configuration:
 #0: stdout all=warning uptime,level,tags
 #1: stderr all=off uptime,level,tags

Environment Variables:
JAVA_HOME=C:\Program Files\Java\jdk-17
PATH=C:\Program Files\Java\jdk-17\bin;C:\Program Files\Common Files\Oracle\Java\javapath;C:\WINDOWS\system32;C:\WINDOWS;C:\WINDOWS\System32\Wbem;C:\WINDOWS\System32\WindowsPowerShell\v1.0\;C:\WINDOWS\System32\OpenSSH\;C:\wamp64\bin\php\php8.3.14;C:\ProgramData\ComposerSetup\bin;C:\Program Files\MySQL\MySQL Server 8.0\bin;C:\Program Files\nodejs\;C:\ProgramData\chocolatey\bin;C:\Program Files\MongoDB\Server\8.2\bin;C:\ProgramData\chocolatey\lib\maven\apache-maven-3.9.11\bin;C:\ProgramData\chocolatey\lib\maven\apache-maven-3.9.11\bin;C:\Program Files\Git\cmd;C:\Program Files\Docker\Docker\resources\bin;C:\Program Files\Amazon\AWSCLIV2\;C:\Users\admin\.cargo\bin;C:\Program Files\Java\jdk-17\bin;C:\Program Files\MySQL\MySQL Shell 8.0\bin\;C:\Users\admin\AppData\Local\Programs\Python\Launcher\;C:\Users\admin\AppData\Local\Microsoft\WindowsApps;C:\Users\admin\AppData\Local\Programs\Microsoft VS Code\bin;C:\Users\admin\AppData\Roaming\Composer\vendor\bin;C:\Users\admin\AppData\Roaming\npm;C:\Program Files\mongosh\;C:\Program Files\Apache Software Foundation\Tomcat 9.0\bin;C:\Users\admin\AppData\Local\Programs\cursor\resources\app\bin;C:\Users\admin\AppData\Local\Microsoft\WinGet\Packages\Hugo.Hugo.Extended_Microsoft.Winget.Source_8wekyb3d8bbwe
USERNAME=admin
OS=Windows_NT
PROCESSOR_IDENTIFIER=AMD64 Family 23 Model 96 Stepping 1, AuthenticAMD



---------------  S Y S T E M  ---------------

OS:
 Windows 11 , 64 bit Build 26100 (10.0.26100.8246)
OS uptime: 1 days 3:31 hours
Hyper-V role detected

CPU: total 16 (initial active 16) (16 cores per cpu, 2 threads per core) family 23 model 96 stepping 1 microcode 0x8600109, cx8, cmov, fxsr, ht, mmx, 3dnowpref, sse, sse2, sse3, ssse3, sse4a, sse4.1, sse4.2, popcnt, lzcnt, tsc, tscinvbit, avx, avx2, aes, clmul, bmi1, bmi2, adx, sha, fma, vzeroupper, clflush, clflushopt, hv

Memory: 4k page, system-wide physical 15697M (1248M free)
TotalPageFile size 40181M (AvailPageFile size 31M)
current process WorkingSet (physical memory assigned to process): 12M, peak: 12M
current process commit charge ("private bytes"): 66M, peak: 312M

vm_info: Java HotSpot(TM) 64-Bit Server VM (17.0.12+8-LTS-286) for windows-amd64 JRE (17.0.12+8-LTS-286), built on Jun  5 2024 06:46:59 by "mach5one" with MS VC++ 17.6 (VS2022)

END.
